[weblayout.unicktheme.com/logistiq/main-html/index.html]
[backblue.gif]
[fade.gif]
[index.html]
[weblayout.unicktheme.com/logistiq/main-html/assets/images/favicons/apple-touch-icon.png]
[weblayout.unicktheme.com/logistiq/main-html/assets/images/favicons/favicon-32x32.png]
[weblayout.unicktheme.com/logistiq/main-html/assets/images/favicons/favicon-16x16.png]
[weblayout.unicktheme.com/logistiq/main-html/assets/images/favicons/site.webmanifest]
[weblayout.unicktheme.com/logistiq/main-html/assets/css/01-bootstrap.min.css]
[weblayout.unicktheme.com/logistiq/main-html/assets/css/02-animate.min.css]
[weblayout.unicktheme.com/logistiq/main-html/assets/css/03-custom-animate.css]
[weblayout.unicktheme.com/logistiq/main-html/assets/css/05-flaticon.css]
[weblayout.unicktheme.com/logistiq/main-html/assets/css/07-jarallax.css]
[weblayout.unicktheme.com/logistiq/main-html/assets/css/08-jquery.magnific-popup.css]
[weblayout.unicktheme.com/logistiq/main-html/assets/css/06-font-awesome-all.css]
[weblayout.unicktheme.com/logistiq/main-html/assets/css/09-nice-select.css]
[weblayout.unicktheme.com/logistiq/main-html/assets/css/11-owl.carousel.min.css]
[weblayout.unicktheme.com/logistiq/main-html/assets/css/12-owl.theme.default.min.css]
[weblayout.unicktheme.com/logistiq/main-html/assets/css/13-jquery-ui.css]
[weblayout.unicktheme.com/logistiq/main-html/assets/css/module-css/02-about.css]
[weblayout.unicktheme.com/logistiq/main-html/assets/css/module-css/03-services.css]
[weblayout.unicktheme.com/logistiq/main-html/assets/css/module-css/04-testimonial.css]
[weblayout.unicktheme.com/logistiq/main-html/assets/css/module-css/05-team.css]
[weblayout.unicktheme.com/logistiq/main-html/assets/css/module-css/06-blog.css]
[weblayout.unicktheme.com/logistiq/main-html/assets/css/module-css/07-brand.css]
[weblayout.unicktheme.com/logistiq/main-html/assets/css/module-css/08-contact.css]
[weblayout.unicktheme.com/logistiq/main-html/assets/css/module-css/09-counter.css]
[weblayout.unicktheme.com/logistiq/main-html/assets/css/module-css/10-error.css]
[weblayout.unicktheme.com/logistiq/main-html/assets/css/module-css/12-footer.css]
[weblayout.unicktheme.com/logistiq/main-html/assets/css/module-css/11-faq.css]
[weblayout.unicktheme.com/logistiq/main-html/assets/css/module-css/13-page-header.css]
[weblayout.unicktheme.com/logistiq/main-html/assets/css/module-css/14-shop.css]
[weblayout.unicktheme.com/logistiq/main-html/assets/css/module-css/15-video.css]
[weblayout.unicktheme.com/logistiq/main-html/assets/css/module-css/awards.css]
[weblayout.unicktheme.com/logistiq/main-html/assets/css/module-css/banner.css]
[weblayout.unicktheme.com/logistiq/main-html/assets/css/module-css/cta.css]
[weblayout.unicktheme.com/logistiq/main-html/assets/css/module-css/design-interior.css]
[weblayout.unicktheme.com/logistiq/main-html/assets/css/module-css/feature.css]
[weblayout.unicktheme.com/logistiq/main-html/assets/css/module-css/pricing.css]
[weblayout.unicktheme.com/logistiq/main-html/assets/css/module-css/projects.css]
[weblayout.unicktheme.com/logistiq/main-html/assets/css/module-css/quote.css]
[weblayout.unicktheme.com/logistiq/main-html/assets/css/module-css/skill.css]
[weblayout.unicktheme.com/logistiq/main-html/assets/css/module-css/sliding-text.css]
[weblayout.unicktheme.com/logistiq/main-html/assets/css/module-css/working-process.css]
[weblayout.unicktheme.com/logistiq/main-html/assets/css/swiper.min.css]
[weblayout.unicktheme.com/logistiq/main-html/assets/css/module-css/why-choose.css]
[weblayout.unicktheme.com/logistiq/main-html/assets/css/responsive.css]
[weblayout.unicktheme.com/logistiq/main-html/assets/css/style.css]
[weblayout.unicktheme.com/logistiq/main-html/assets/images/resources/logo-1.png]
[weblayout.unicktheme.com/logistiq/main-html/index3.html]
[weblayout.unicktheme.com/logistiq/main-html/index2.html]
[weblayout.unicktheme.com/logistiq/main-html/index-one-page.html]
[weblayout.unicktheme.com/logistiq/main-html/index2-one-page.html]
[weblayout.unicktheme.com/logistiq/main-html/index3-one-page.html]
[weblayout.unicktheme.com/logistiq/main-html/index-dark.html]
[weblayout.unicktheme.com/logistiq/main-html/about.html]
[weblayout.unicktheme.com/logistiq/main-html/international-transport.html]
[weblayout.unicktheme.com/logistiq/main-html/service.html]
[weblayout.unicktheme.com/logistiq/main-html/personal-delivery.html]
[weblayout.unicktheme.com/logistiq/main-html/track-transport.html]
[weblayout.unicktheme.com/logistiq/main-html/ocean-transport.html]
[weblayout.unicktheme.com/logistiq/main-html/warehouse-facility.html]
[weblayout.unicktheme.com/logistiq/main-html/emergency-transport.html]
[weblayout.unicktheme.com/logistiq/main-html/team-details.html]
[weblayout.unicktheme.com/logistiq/main-html/project.html]
[weblayout.unicktheme.com/logistiq/main-html/team.html]
[weblayout.unicktheme.com/logistiq/main-html/project-details.html]
[weblayout.unicktheme.com/logistiq/main-html/testimonial.html]
[weblayout.unicktheme.com/logistiq/main-html/pricing.html]
[weblayout.unicktheme.com/logistiq/main-html/faq.html]
[weblayout.unicktheme.com/logistiq/main-html/404.html]
[weblayout.unicktheme.com/logistiq/main-html/products.html]
[weblayout.unicktheme.com/logistiq/main-html/product-details.html]
[weblayout.unicktheme.com/logistiq/main-html/cart.html]
[weblayout.unicktheme.com/logistiq/main-html/checkout.html]
[weblayout.unicktheme.com/logistiq/main-html/wishlist.html]
[weblayout.unicktheme.com/logistiq/main-html/sign-up.html]
[weblayout.unicktheme.com/logistiq/main-html/login.html]
[weblayout.unicktheme.com/logistiq/main-html/blog.html]
[weblayout.unicktheme.com/logistiq/main-html/blog-standard.html]
[weblayout.unicktheme.com/logistiq/main-html/blog-right-sidebar.html]
[weblayout.unicktheme.com/logistiq/main-html/blog-left-sidebar.html]
[weblayout.unicktheme.com/logistiq/main-html/blog-details.html]
[weblayout.unicktheme.com/logistiq/main-html/contact.html]
[weblayout.unicktheme.com/logistiq/main-html/assets/images/pattern/banner-v1-pattern.png]
[weblayout.unicktheme.com/logistiq/main-html/assets/images/pattern/banner-v1-pattern2.png]
[weblayout.unicktheme.com/logistiq/main-html/assets/images/banner/banner-v1-img1.png]
[weblayout.unicktheme.com/logistiq/main-html/assets/images/banner/banner-v1-img5.png]
[weblayout.unicktheme.com/logistiq/main-html/assets/images/shapes/banner-v1-shape1.png]
[weblayout.unicktheme.com/logistiq/main-html/assets/images/banner/banner-v1-flag1.png]
[weblayout.unicktheme.com/logistiq/main-html/assets/images/banner/banner-v1-img2.jpg]
[weblayout.unicktheme.com/logistiq/main-html/assets/images/banner/banner-v1-img3.jpg]
[weblayout.unicktheme.com/logistiq/main-html/assets/images/banner/banner-v1-img4.jpg]
[weblayout.unicktheme.com/logistiq/main-html/assets/images/shapes/about-v1-shape1.png]
[weblayout.unicktheme.com/logistiq/main-html/assets/images/shapes/about-v1-shape2.png]
[weblayout.unicktheme.com/logistiq/main-html/assets/images/about/about-v1-img1.jpg]
[weblayout.unicktheme.com/logistiq/main-html/assets/images/about/about-v1-img2.jpg]
[weblayout.unicktheme.com/logistiq/main-html/assets/images/shapes/about-v1-shape3.png]
[weblayout.unicktheme.com/logistiq/main-html/assets/images/pattern/service-v1-pattern.jpg]
[weblayout.unicktheme.com/logistiq/main-html/assets/images/services/services-v1-img1.jpg]
[weblayout.unicktheme.com/logistiq/main-html/assets/images/services/services-v1-img2.jpg]
[weblayout.unicktheme.com/logistiq/main-html/assets/images/services/services-v1-img3.jpg]
[weblayout.unicktheme.com/logistiq/main-html/assets/images/project/project-v1-img1.jpg]
[weblayout.unicktheme.com/logistiq/main-html/assets/images/project/project-v1-img2.jpg]
[weblayout.unicktheme.com/logistiq/main-html/assets/images/project/project-v1-img3.jpg]
[weblayout.unicktheme.com/logistiq/main-html/assets/images/project/project-v1-img4.jpg]
[weblayout.unicktheme.com/logistiq/main-html/assets/images/pattern/why-choose-v1-pattern.png]
[weblayout.unicktheme.com/logistiq/main-html/assets/images/shapes/why-choose-v1-shape1.png]
[weblayout.unicktheme.com/logistiq/main-html/assets/images/shapes/skill-v1-shape1.png]
[weblayout.unicktheme.com/logistiq/main-html/assets/images/shapes/skill-v1-shape2.png]
[weblayout.unicktheme.com/logistiq/main-html/assets/images/resources/skill-v1-img1.jpg]
[weblayout.unicktheme.com/logistiq/main-html/assets/images/resources/skill-v1-img2.jpg]
[weblayout.unicktheme.com/logistiq/main-html/assets/images/pattern/testimonial-v1-pattern.png]
[weblayout.unicktheme.com/logistiq/main-html/assets/images/shapes/testimonial-v1-shape1.png]
[weblayout.unicktheme.com/logistiq/main-html/assets/images/testimonial/testimonial-v1-img1.png]
[weblayout.unicktheme.com/logistiq/main-html/assets/images/testimonial/testimonial-v1-img2.jpg]
[weblayout.unicktheme.com/logistiq/main-html/assets/images/shapes/faq-v1-shape1.png]
[weblayout.unicktheme.com/logistiq/main-html/assets/images/resources/faq-v1-img1.jpg]
[weblayout.unicktheme.com/logistiq/main-html/assets/images/icon/sliding-text-icon-1.png]
[weblayout.unicktheme.com/logistiq/main-html/assets/images/resources/cta-v1-img1.png]
[weblayout.unicktheme.com/logistiq/main-html/assets/images/pattern/cta-v1-pattern.png]
[weblayout.unicktheme.com/logistiq/main-html/assets/images/shapes/cta-v1-shape1.png]
[weblayout.unicktheme.com/logistiq/main-html/assets/images/shapes/cta-v1-shape2.png]
[weblayout.unicktheme.com/logistiq/main-html/assets/images/shapes/cta-v1-shape3.png]
[weblayout.unicktheme.com/logistiq/main-html/assets/images/team/team-v1-img1.jpg]
[weblayout.unicktheme.com/logistiq/main-html/assets/images/team/team-v1-img2.jpg]
[weblayout.unicktheme.com/logistiq/main-html/assets/images/team/team-v1-img3.jpg]
[weblayout.unicktheme.com/logistiq/main-html/assets/images/resources/features-v2-img1.jpg]
[weblayout.unicktheme.com/logistiq/main-html/assets/images/resources/features-v2-img2.jpg]
[weblayout.unicktheme.com/logistiq/main-html/assets/images/resources/features-v2-img3.jpg]
[weblayout.unicktheme.com/logistiq/main-html/assets/images/resources/features-v2-img4.jpg]
[weblayout.unicktheme.com/logistiq/main-html/assets/images/blog/blog-v1-img1.jpg]
[weblayout.unicktheme.com/logistiq/main-html/assets/images/blog/blog-v1-img2.jpg]
[weblayout.unicktheme.com/logistiq/main-html/assets/images/blog/blog-v1-img3.jpg]
[weblayout.unicktheme.com/logistiq/main-html/assets/images/brand/brand-v1-img1.png]
[weblayout.unicktheme.com/logistiq/main-html/assets/images/brand/brand-v1-img2.png]
[weblayout.unicktheme.com/logistiq/main-html/assets/images/brand/brand-v1-img3.png]
[weblayout.unicktheme.com/logistiq/main-html/assets/images/brand/brand-v1-img4.png]
[weblayout.unicktheme.com/logistiq/main-html/assets/images/brand/brand-v1-img5.png]
[weblayout.unicktheme.com/logistiq/main-html/assets/images/brand/brand-v1-img6.png]
[weblayout.unicktheme.com/logistiq/main-html/assets/images/pattern/footer-v1-pattern.png]
[weblayout.unicktheme.com/logistiq/main-html/assets/images/resources/footer-logo.png]
[weblayout.unicktheme.com/logistiq/main-html/assets/js/jquery-3.6.0.min.js]
[weblayout.unicktheme.com/logistiq/main-html/assets/js/jquery.ajaxchimp.min.js]
[weblayout.unicktheme.com/logistiq/main-html/assets/js/jquery.validate.min.js]
[weblayout.unicktheme.com/logistiq/main-html/assets/js/wNumb.min.js]
[weblayout.unicktheme.com/logistiq/main-html/assets/js/swiper.min.js]
[weblayout.unicktheme.com/logistiq/main-html/assets/js/curved-text/jquery.circleType.js]
[weblayout.unicktheme.com/logistiq/main-html/assets/js/curved-text/jquery.fittext.js]
[weblayout.unicktheme.com/logistiq/main-html/assets/js/curved-text/jquery.lettering.min.js]
[weblayout.unicktheme.com/logistiq/main-html/assets/js/gsap/ScrollTrigger.js]
[weblayout.unicktheme.com/logistiq/main-html/assets/js/gsap/SplitText.js]
[weblayout.unicktheme.com/logistiq/main-html/assets/js/gsap/gsap.js]
[weblayout.unicktheme.com/logistiq/main-html/assets/js/01-bootstrap.bundle.min.js]
[weblayout.unicktheme.com/logistiq/main-html/assets/js/02-countdown.min.js]
[weblayout.unicktheme.com/logistiq/main-html/assets/js/03-jquery.appear.min.js]
[weblayout.unicktheme.com/logistiq/main-html/assets/js/04-jquery.nice-select.min.js]
[weblayout.unicktheme.com/logistiq/main-html/assets/js/05-jquery-sidebar-content.js]
[weblayout.unicktheme.com/logistiq/main-html/assets/js/06-marquee.min.js]
[weblayout.unicktheme.com/logistiq/main-html/assets/js/07-owl.carousel.min.js]
[weblayout.unicktheme.com/logistiq/main-html/assets/js/08-jarallax.min.js]
[weblayout.unicktheme.com/logistiq/main-html/assets/js/09-odometer.min.js]
[weblayout.unicktheme.com/logistiq/main-html/assets/js/11-jquery.magnific-popup.min.js]
[weblayout.unicktheme.com/logistiq/main-html/assets/js/12-wow.js]
[weblayout.unicktheme.com/logistiq/main-html/assets/js/13-isotope.js]
[weblayout.unicktheme.com/logistiq/main-html/assets/js/script.js]
[weblayout.unicktheme.com/logistiq/main-html/index.html]
[weblayout.unicktheme.com/logistiq/main-html/assets/css/01-bootstrap.min.css]
[weblayout.unicktheme.com/logistiq/main-html/assets/css/02-animate.min.css]
[weblayout.unicktheme.com/logistiq/main-html/assets/css/03-custom-animate.css]
[weblayout.unicktheme.com/logistiq/main-html/assets/fonts/icomoon78ed.eot]
[weblayout.unicktheme.com/logistiq/main-html/assets/fonts/icomoon78ed.ttf]
[weblayout.unicktheme.com/logistiq/main-html/assets/fonts/icomoon78ed.woff]
[weblayout.unicktheme.com/logistiq/main-html/assets/css/05-flaticon.css]
[weblayout.unicktheme.com/logistiq/main-html/assets/js/10-jquery-ui.js]
[weblayout.unicktheme.com/logistiq/main-html/assets/fonts/icomoon78ed.svg]
[weblayout.unicktheme.com/logistiq/main-html/assets/fonts/fa-brands-400d41d.eot]
[weblayout.unicktheme.com/logistiq/main-html/assets/fonts/fa-brands-400.woff2]
[weblayout.unicktheme.com/logistiq/main-html/assets/fonts/fa-brands-400.woff]
[weblayout.unicktheme.com/logistiq/main-html/assets/fonts/fa-brands-400.ttf]
[weblayout.unicktheme.com/logistiq/main-html/assets/fonts/fa-light-300.woff2]
[weblayout.unicktheme.com/logistiq/main-html/assets/fonts/fa-light-300.woff]
[weblayout.unicktheme.com/logistiq/main-html/assets/fonts/fa-brands-400.eot]
[weblayout.unicktheme.com/logistiq/main-html/assets/fonts/fa-regular-400.woff2]
[weblayout.unicktheme.com/logistiq/main-html/assets/fonts/fa-regular-400.woff]
[weblayout.unicktheme.com/logistiq/main-html/assets/fonts/fa-regular-400.eot]
[weblayout.unicktheme.com/logistiq/main-html/assets/fonts/fa-solid-900.woff2]
[weblayout.unicktheme.com/logistiq/main-html/assets/fonts/fa-solid-900.woff]
[weblayout.unicktheme.com/logistiq/main-html/assets/fonts/fa-regular-400d41d.eot]
[weblayout.unicktheme.com/logistiq/main-html/assets/css/06-font-awesome-all.css]
[weblayout.unicktheme.com/logistiq/main-html/assets/css/07-jarallax.css]
[weblayout.unicktheme.com/logistiq/main-html/assets/css/08-jquery.magnific-popup.css]
[weblayout.unicktheme.com/logistiq/main-html/assets/css/09-nice-select.css]
[weblayout.unicktheme.com/logistiq/main-html/assets/css/11-owl.carousel.min.css]
[weblayout.unicktheme.com/logistiq/main-html/assets/css/12-owl.theme.default.min.css]
[weblayout.unicktheme.com/logistiq/main-html/assets/css/13-jquery-ui.css]
[weblayout.unicktheme.com/logistiq/main-html/assets/css/module-css/01-slider.css]
[weblayout.unicktheme.com/logistiq/main-html/assets/css/module-css/02-about.css]
[weblayout.unicktheme.com/logistiq/main-html/assets/css/module-css/03-services.css]
[weblayout.unicktheme.com/logistiq/main-html/assets/css/module-css/04-testimonial.css]
[weblayout.unicktheme.com/logistiq/main-html/assets/css/module-css/05-team.css]
[weblayout.unicktheme.com/logistiq/main-html/assets/css/module-css/06-blog.css]
[weblayout.unicktheme.com/logistiq/main-html/assets/css/module-css/07-brand.css]
[weblayout.unicktheme.com/logistiq/main-html/assets/css/module-css/08-contact.css]
[weblayout.unicktheme.com/logistiq/main-html/assets/css/module-css/09-counter.css]
[weblayout.unicktheme.com/logistiq/main-html/assets/css/module-css/10-error.css]
[weblayout.unicktheme.com/logistiq/main-html/assets/css/module-css/11-faq.css]
[weblayout.unicktheme.com/logistiq/main-html/assets/css/module-css/12-footer.css]
[weblayout.unicktheme.com/logistiq/main-html/assets/css/module-css/13-page-header.css]
[weblayout.unicktheme.com/logistiq/main-html/assets/css/module-css/14-shop.css]
[weblayout.unicktheme.com/logistiq/main-html/assets/css/module-css/15-video.css]
[weblayout.unicktheme.com/logistiq/main-html/assets/css/module-css/awards.css]
[weblayout.unicktheme.com/logistiq/main-html/assets/css/module-css/banner.css]
[weblayout.unicktheme.com/logistiq/main-html/assets/css/module-css/cta.css]
[weblayout.unicktheme.com/logistiq/main-html/assets/css/module-css/design-interior.css]
[weblayout.unicktheme.com/logistiq/main-html/assets/css/module-css/feature.css]
[weblayout.unicktheme.com/logistiq/main-html/assets/css/module-css/pricing.css]
[weblayout.unicktheme.com/logistiq/main-html/assets/css/module-css/projects.css]
[weblayout.unicktheme.com/logistiq/main-html/assets/css/module-css/quote.css]
[weblayout.unicktheme.com/logistiq/main-html/assets/css/module-css/skill.css]
[weblayout.unicktheme.com/logistiq/main-html/assets/css/module-css/sliding-text.css]
[weblayout.unicktheme.com/logistiq/main-html/assets/css/module-css/why-choose.css]
[weblayout.unicktheme.com/logistiq/main-html/assets/css/module-css/working-process.css]
[weblayout.unicktheme.com/logistiq/main-html/assets/css/swiper.min.css]
[weblayout.unicktheme.com/logistiq/main-html/assets/css/style.css]
[weblayout.unicktheme.com/logistiq/main-html/assets/css/responsive.css]
[weblayout.unicktheme.com/logistiq/main-html/assets/images/resources/sidebar-logo.png]
[weblayout.unicktheme.com/logistiq/main-html/assets/images/resources/logo-2.png]
[weblayout.unicktheme.com/logistiq/main-html/assets/images/banner/banner-v2-img1.jpg]
[weblayout.unicktheme.com/logistiq/main-html/assets/images/banner/banner-v2-img2.png]
[weblayout.unicktheme.com/logistiq/main-html/assets/images/shapes/banner-v2-shape1.png]
[weblayout.unicktheme.com/logistiq/main-html/assets/images/shapes/banner-v2-shape2.png]
[weblayout.unicktheme.com/logistiq/main-html/assets/images/shapes/about-v2-shape2.png]
[weblayout.unicktheme.com/logistiq/main-html/assets/images/shapes/about-v2-shape3.png]
[weblayout.unicktheme.com/logistiq/main-html/assets/images/shapes/about-v2-shape4.png]
[weblayout.unicktheme.com/logistiq/main-html/assets/images/about/about-v2-img1.jpg]
[weblayout.unicktheme.com/logistiq/main-html/assets/images/shapes/about-v2-shape1.png]
[weblayout.unicktheme.com/logistiq/main-html/assets/images/about/about-v2-img2.jpg]
[weblayout.unicktheme.com/logistiq/main-html/assets/images/about/about-v2-img3.png]
[weblayout.unicktheme.com/logistiq/main-html/assets/images/services/services-v2-img1.jpg]
[weblayout.unicktheme.com/logistiq/main-html/assets/images/services/services-v2-img2.jpg]
[weblayout.unicktheme.com/logistiq/main-html/assets/images/services/services-v2-img3.jpg]
[weblayout.unicktheme.com/logistiq/main-html/assets/images/testimonial/testimonial-v2-img1.png]
[weblayout.unicktheme.com/logistiq/main-html/assets/images/testimonial/testimonial-v2-img2.png]
[weblayout.unicktheme.com/logistiq/main-html/assets/images/backgrounds/why-choose-v2-bg.jpg]
[weblayout.unicktheme.com/logistiq/main-html/assets/images/shapes/why-choose-v2-shape3.png]
[weblayout.unicktheme.com/logistiq/main-html/assets/images/shapes/why-choose-v2-shape1.png]
[weblayout.unicktheme.com/logistiq/main-html/assets/images/shapes/why-choose-v2-shape2.png]
[weblayout.unicktheme.com/logistiq/main-html/assets/images/resources/why-choose-v2-img1.png]
[weblayout.unicktheme.com/logistiq/main-html/assets/images/resources/why-choose-v2-img2.png]
[weblayout.unicktheme.com/logistiq/main-html/assets/images/resources/why-choose-v2-img3.png]
[weblayout.unicktheme.com/logistiq/main-html/assets/images/resources/why-choose-v2-img4.png]
[weblayout.unicktheme.com/logistiq/main-html/assets/images/pattern/why-choose-v2-pattern2.png]
[weblayout.unicktheme.com/logistiq/main-html/assets/images/pattern/working-process-v1-pattern.jpg]
[weblayout.unicktheme.com/logistiq/main-html/assets/images/shapes/working-process-v1-shape1.png]
[weblayout.unicktheme.com/logistiq/main-html/assets/images/shapes/footer-v2-shape3.png]
[weblayout.unicktheme.com/logistiq/main-html/assets/images/shapes/footer-v2-shape2.png]
[weblayout.unicktheme.com/logistiq/main-html/assets/images/shapes/footer-v2-shape1.png]
[weblayout.unicktheme.com/logistiq/main-html/index2.html]
[weblayout.unicktheme.com/logistiq/main-html/assets/images/resources/logo-3.png]
[weblayout.unicktheme.com/logistiq/main-html/assets/images/banner/slider-v1-img1.jpg]
[weblayout.unicktheme.com/logistiq/main-html/assets/images/banner/slider-v1-img2.jpg]
[weblayout.unicktheme.com/logistiq/main-html/assets/images/banner/slider-v1-img3.jpg]
[weblayout.unicktheme.com/logistiq/main-html/assets/images/about/about-v3-img1.jpg]
[weblayout.unicktheme.com/logistiq/main-html/assets/images/about/about-v3-img2.jpg]
[weblayout.unicktheme.com/logistiq/main-html/assets/images/backgrounds/quote-v1-bg4.jpg]
[weblayout.unicktheme.com/logistiq/main-html/assets/images/backgrounds/quote-v1-bg2.jpg]
[weblayout.unicktheme.com/logistiq/main-html/assets/images/backgrounds/quote-v1-bg.jpg]
[weblayout.unicktheme.com/logistiq/main-html/assets/images/shapes/quote-v1-shape1.png]
[weblayout.unicktheme.com/logistiq/main-html/assets/images/testimonial/testimonial-v3-img5.jpg]
[weblayout.unicktheme.com/logistiq/main-html/assets/images/testimonial/testimonial-v3-img7.jpg]
[weblayout.unicktheme.com/logistiq/main-html/assets/images/testimonial/testimonial-v3-img8.jpg]
[weblayout.unicktheme.com/logistiq/main-html/assets/images/testimonial/testimonial-v3-img9.jpg]
[weblayout.unicktheme.com/logistiq/main-html/assets/images/testimonial/testimonial-v3-img6.jpg]
[weblayout.unicktheme.com/logistiq/main-html/assets/images/testimonial/testimonial-v3-img4.jpg]
[weblayout.unicktheme.com/logistiq/main-html/assets/images/testimonial/testimonial-v3-img1.jpg]
[weblayout.unicktheme.com/logistiq/main-html/assets/images/testimonial/testimonial-v3-img2.jpg]
[weblayout.unicktheme.com/logistiq/main-html/assets/images/testimonial/testimonial-v3-img3.jpg]
[weblayout.unicktheme.com/logistiq/main-html/assets/images/pattern/pricing-v1-pattern.png]
[weblayout.unicktheme.com/logistiq/main-html/assets/images/resources/pricing-v1-img1.jpg]
[weblayout.unicktheme.com/logistiq/main-html/assets/images/resources/pricing-v1-img2.jpg]
[weblayout.unicktheme.com/logistiq/main-html/assets/images/resources/pricing-v1-img3.jpg]
[weblayout.unicktheme.com/logistiq/main-html/assets/images/pattern/counter-v3-pattern.png]
[weblayout.unicktheme.com/logistiq/main-html/assets/images/blog/blog-v3-img1.jpg]
[weblayout.unicktheme.com/logistiq/main-html/assets/images/blog/blog-v3-img2.jpg]
[weblayout.unicktheme.com/logistiq/main-html/assets/images/blog/blog-v3-img3.jpg]
[weblayout.unicktheme.com/logistiq/main-html/index3.html]
[weblayout.unicktheme.com/logistiq/main-html/assets/css/04-dark.css]
[weblayout.unicktheme.com/logistiq/main-html/index-dark.html]
[weblayout.unicktheme.com/logistiq/main-html/index-one-page.html]
[weblayout.unicktheme.com/logistiq/main-html/index2-one-page.html]
[weblayout.unicktheme.com/logistiq/main-html/index3-one-page.html]
[weblayout.unicktheme.com/logistiq/main-html/assets/images/backgrounds/page-header-bg.jpg]
[weblayout.unicktheme.com/logistiq/main-html/assets/images/pattern/page-header-pattern.png]
[weblayout.unicktheme.com/logistiq/main-html/about.html]
[weblayout.unicktheme.com/logistiq/main-html/service.html]
[weblayout.unicktheme.com/logistiq/main-html/assets/images/resources/service-details-sidebar-img.png]
[weblayout.unicktheme.com/logistiq/main-html/assets/images/services/service-details-img5.jpg]
[weblayout.unicktheme.com/logistiq/main-html/assets/images/services/service-details-img2.jpg]
[weblayout.unicktheme.com/logistiq/main-html/assets/images/services/service-details-img3.jpg]
[weblayout.unicktheme.com/logistiq/main-html/assets/images/services/service-details-img4.jpg]
[weblayout.unicktheme.com/logistiq/main-html/international-transport.html]
[weblayout.unicktheme.com/logistiq/main-html/assets/images/services/service-details-img1.jpg]
[weblayout.unicktheme.com/logistiq/main-html/track-transport.html]
[weblayout.unicktheme.com/logistiq/main-html/assets/images/services/service-details-img6.jpg]
[weblayout.unicktheme.com/logistiq/main-html/personal-delivery.html]
[weblayout.unicktheme.com/logistiq/main-html/assets/images/services/service-details-img7.jpg]
[weblayout.unicktheme.com/logistiq/main-html/ocean-transport.html]
[weblayout.unicktheme.com/logistiq/main-html/assets/images/services/service-details-img9.jpg]
[weblayout.unicktheme.com/logistiq/main-html/warehouse-facility.html]
[weblayout.unicktheme.com/logistiq/main-html/assets/images/services/service-details-img8.jpg]
[weblayout.unicktheme.com/logistiq/main-html/emergency-transport.html]
[weblayout.unicktheme.com/logistiq/main-html/assets/images/pattern/team-page-pattern.png]
[weblayout.unicktheme.com/logistiq/main-html/assets/images/team/team-v1-img4.jpg]
[weblayout.unicktheme.com/logistiq/main-html/assets/images/team/team-v1-img5.jpg]
[weblayout.unicktheme.com/logistiq/main-html/assets/images/team/team-v1-img6.jpg]
[weblayout.unicktheme.com/logistiq/main-html/team.html]
[weblayout.unicktheme.com/logistiq/main-html/assets/images/team/team-details-img1.jpg]
[weblayout.unicktheme.com/logistiq/main-html/assets/images/pattern/team-details__bottom-pattern.png]
[weblayout.unicktheme.com/logistiq/main-html/team-details.html]
[weblayout.unicktheme.com/logistiq/main-html/assets/images/project/project-v1-img5.jpg]
[weblayout.unicktheme.com/logistiq/main-html/project.html]
[weblayout.unicktheme.com/logistiq/main-html/assets/images/project/project-details-img1.jpg]
[weblayout.unicktheme.com/logistiq/main-html/assets/images/project/project-details-img2.jpg]
[weblayout.unicktheme.com/logistiq/main-html/assets/images/project/project-details-img3.jpg]
[weblayout.unicktheme.com/logistiq/main-html/assets/images/project/project-v1-img6.jpg]
[weblayout.unicktheme.com/logistiq/main-html/assets/images/project/project-v1-img7.jpg]
[weblayout.unicktheme.com/logistiq/main-html/assets/images/project/project-v1-img8.jpg]
[weblayout.unicktheme.com/logistiq/main-html/project-details.html]
[weblayout.unicktheme.com/logistiq/main-html/assets/images/pattern/testimonial-page-pattern.png]
[weblayout.unicktheme.com/logistiq/main-html/assets/images/testimonial/testimonial-v2-img3.png]
[weblayout.unicktheme.com/logistiq/main-html/assets/images/testimonial/testimonial-v2-img4.png]
[weblayout.unicktheme.com/logistiq/main-html/assets/images/testimonial/testimonial-v2-img5.png]
[weblayout.unicktheme.com/logistiq/main-html/assets/images/testimonial/testimonial-v2-img6.png]
[weblayout.unicktheme.com/logistiq/main-html/testimonial.html]
[weblayout.unicktheme.com/logistiq/main-html/pricing.html]
[weblayout.unicktheme.com/logistiq/main-html/faq.html]
[weblayout.unicktheme.com/logistiq/main-html/assets/images/resources/error-page-img1.png]
[weblayout.unicktheme.com/logistiq/main-html/404.html]
[weblayout.unicktheme.com/logistiq/main-html/assets/images/shop/product-thumb-1.jpg]
[weblayout.unicktheme.com/logistiq/main-html/assets/images/shop/product-thumb-2.jpg]
[weblayout.unicktheme.com/logistiq/main-html/assets/images/shop/product-thumb-3.jpg]
[weblayout.unicktheme.com/logistiq/main-html/assets/images/shop/product-thumb-4.jpg]
[weblayout.unicktheme.com/logistiq/main-html/assets/images/shop/shop-product-1-1.jpg]
[weblayout.unicktheme.com/logistiq/main-html/assets/images/shop/shop-product-1-2.jpg]
[weblayout.unicktheme.com/logistiq/main-html/assets/images/shop/shop-product-1-3.jpg]
[weblayout.unicktheme.com/logistiq/main-html/assets/images/shop/shop-product-1-4.jpg]
[weblayout.unicktheme.com/logistiq/main-html/assets/images/shop/shop-product-1-5.jpg]
[weblayout.unicktheme.com/logistiq/main-html/assets/images/shop/shop-product-1-6.jpg]
[weblayout.unicktheme.com/logistiq/main-html/assets/images/shop/shop-product-1-7.jpg]
[weblayout.unicktheme.com/logistiq/main-html/assets/images/shop/shop-product-1-8.jpg]
[weblayout.unicktheme.com/logistiq/main-html/assets/images/shop/shop-product-1-9.jpg]
[weblayout.unicktheme.com/logistiq/main-html/products.html]
[weblayout.unicktheme.com/logistiq/main-html/assets/images/shop/product-details-img-1.jpg]
[weblayout.unicktheme.com/logistiq/main-html/assets/images/shop/review-1-1.jpg]
[weblayout.unicktheme.com/logistiq/main-html/assets/images/shop/review-1-2.jpg]
[weblayout.unicktheme.com/logistiq/main-html/product-details.html]
[weblayout.unicktheme.com/logistiq/main-html/assets/images/shop/cart-page-img-1.jpg]
[weblayout.unicktheme.com/logistiq/main-html/assets/images/shop/cart-page-img-2.jpg]
[weblayout.unicktheme.com/logistiq/main-html/cart.html]
[weblayout.unicktheme.com/logistiq/main-html/assets/images/shop/paypal-1.jpg]
[weblayout.unicktheme.com/logistiq/main-html/checkout.html]
[weblayout.unicktheme.com/logistiq/main-html/assets/images/shop/wishlist-page-img-1.jpg]
[weblayout.unicktheme.com/logistiq/main-html/assets/images/shop/wishlist-page-img-2.jpg]
[weblayout.unicktheme.com/logistiq/main-html/assets/images/shop/wishlist-page-img-3.jpg]
[weblayout.unicktheme.com/logistiq/main-html/assets/images/shop/wishlist-page-img-4.jpg]
[weblayout.unicktheme.com/logistiq/main-html/wishlist.html]
[weblayout.unicktheme.com/logistiq/main-html/assets/images/icon/icon-google-2.png]
[weblayout.unicktheme.com/logistiq/main-html/assets/images/icon/icon-facebook.png]
[weblayout.unicktheme.com/logistiq/main-html/sign-up.html]
[weblayout.unicktheme.com/logistiq/main-html/login.html]
[weblayout.unicktheme.com/logistiq/main-html/assets/images/blog/blog-v1-img4.jpg]
[weblayout.unicktheme.com/logistiq/main-html/assets/images/blog/blog-v1-img5.jpg]
[weblayout.unicktheme.com/logistiq/main-html/assets/images/blog/blog-v1-img6.jpg]
[weblayout.unicktheme.com/logistiq/main-html/blog.html]
[weblayout.unicktheme.com/logistiq/main-html/assets/images/blog/blog-standard-img1.jpg]
[weblayout.unicktheme.com/logistiq/main-html/assets/images/blog/blog-standard-img2.jpg]
[weblayout.unicktheme.com/logistiq/main-html/assets/images/blog/blog-standard-img3.jpg]
[weblayout.unicktheme.com/logistiq/main-html/assets/images/blog/blog-standard-img4.jpg]
[weblayout.unicktheme.com/logistiq/main-html/assets/images/blog/recent-post-img1.jpg]
[weblayout.unicktheme.com/logistiq/main-html/assets/images/blog/recent-post-img2.jpg]
[weblayout.unicktheme.com/logistiq/main-html/assets/images/blog/recent-post-img3.jpg]
[weblayout.unicktheme.com/logistiq/main-html/blog-standard.html]
[weblayout.unicktheme.com/logistiq/main-html/assets/images/blog/blog-v1-img7.jpg]
[weblayout.unicktheme.com/logistiq/main-html/assets/images/blog/blog-v1-img8.jpg]
[weblayout.unicktheme.com/logistiq/main-html/assets/images/blog/blog-v1-img9.jpg]
[weblayout.unicktheme.com/logistiq/main-html/assets/images/blog/blog-v1-img10.jpg]
[weblayout.unicktheme.com/logistiq/main-html/blog-left-sidebar.html]
[weblayout.unicktheme.com/logistiq/main-html/blog-right-sidebar.html]
[weblayout.unicktheme.com/logistiq/main-html/assets/images/blog/blog-details-img1.jpg]
[weblayout.unicktheme.com/logistiq/main-html/assets/images/blog/blog-details-img8.jpg]
[weblayout.unicktheme.com/logistiq/main-html/assets/images/blog/blog-details-img2.jpg]
[weblayout.unicktheme.com/logistiq/main-html/assets/images/blog/blog-details-img3.jpg]
[weblayout.unicktheme.com/logistiq/main-html/assets/images/blog/blog-details-img4.jpg]
[weblayout.unicktheme.com/logistiq/main-html/assets/images/blog/blog-details-img5.jpg]
[weblayout.unicktheme.com/logistiq/main-html/assets/images/blog/blog-details-img6.jpg]
[weblayout.unicktheme.com/logistiq/main-html/assets/images/blog/blog-details-img7.jpg]
[weblayout.unicktheme.com/logistiq/main-html/blog-details.html]
[weblayout.unicktheme.com/logistiq/main-html/assets/images/pattern/contact-page-top-pattern.png]
[weblayout.unicktheme.com/logistiq/main-html/contact.html]
[weblayout.unicktheme.com/logistiq/main-html/assets/fonts/icomoon78ed.svg]
[weblayout.unicktheme.com/logistiq/main-html/assets/fonts/fa-brands-400.html]
[weblayout.unicktheme.com/logistiq/main-html/assets/fonts/fa-light-300.html]
[weblayout.unicktheme.com/logistiq/main-html/assets/fonts/fa-light-300d41d.html]
[weblayout.unicktheme.com/logistiq/main-html/assets/fonts/fa-light-301.html]
[weblayout.unicktheme.com/logistiq/main-html/assets/fonts/fa-light-302.html]
[weblayout.unicktheme.com/logistiq/main-html/assets/fonts/fa-regular-400.html]
[weblayout.unicktheme.com/logistiq/main-html/assets/fonts/fa-regular-401.html]
[weblayout.unicktheme.com/logistiq/main-html/assets/fonts/fa-solid-900.html]
[weblayout.unicktheme.com/logistiq/main-html/assets/fonts/fa-solid-900d41d.html]
[weblayout.unicktheme.com/logistiq/main-html/assets/fonts/fa-solid-901.html]
[weblayout.unicktheme.com/logistiq/main-html/assets/fonts/fa-solid-902.html]
[weblayout.unicktheme.com/logistiq/main-html/assets/css/owl.video.play.html]
[weblayout.unicktheme.com/logistiq/main-html/assets/css/images/ui-bg_highlight-soft_75_cccccc_1x100.html]
[weblayout.unicktheme.com/logistiq/main-html/assets/css/images/ui-bg_glass_75_e6e6e6_1x400.html]
[weblayout.unicktheme.com/logistiq/main-html/assets/css/images/ui-bg_glass_75_dadada_1x400.html]
[weblayout.unicktheme.com/logistiq/main-html/assets/css/images/ui-bg_glass_65_ffffff_1x400.html]
[weblayout.unicktheme.com/logistiq/main-html/assets/css/images/ui-bg_glass_55_fbf9ee_1x400.html]
[weblayout.unicktheme.com/logistiq/main-html/assets/css/images/ui-bg_glass_95_fef1ec_1x400.html]
[weblayout.unicktheme.com/logistiq/main-html/assets/css/images/ui-icons_222222_256x240.html]
[weblayout.unicktheme.com/logistiq/main-html/assets/css/images/ui-icons_888888_256x240.html]
[weblayout.unicktheme.com/logistiq/main-html/assets/css/images/ui-icons_454545_256x240.html]
[weblayout.unicktheme.com/logistiq/main-html/assets/css/images/ui-icons_2e83ff_256x240.html]
[weblayout.unicktheme.com/logistiq/main-html/assets/css/images/ui-icons_cd0a0a_256x240.html]
[weblayout.unicktheme.com/logistiq/main-html/assets/images/icon/cross-out.html]
[weblayout.unicktheme.com/logistiq/main-html/assets/css/04-dark.css]
[weblayout.unicktheme.com/logistiq/main-html/assets/images/pattern/team-v2-pattern.png]
[weblayout.unicktheme.com/logistiq/main-html/assets/images/shapes/about-v2-shape5.png]
